[    0.000000] Linux version 4.15.0-22-generic (buildd@lgw01-amd64-013) (gcc version 7.3.0 (Ubuntu 7.3.0-16ubuntu3)) #24-Ubuntu SMP Wed May 16 12:15:17 UTC 2018 (Ubuntu 4.15.0-22.24-generic 4.15.17)
[    0.000000] Command line: BOOT_IMAGE=/boot/vmlinuz-4.15.0-22-generic root=LABEL=cloudimg-rootfs ro console=tty1 console=ttyS0
[    0.000000] KERNEL supported cpus:
[    0.000000]   Intel GenuineIntel
[    0.000000]   AMD AuthenticAMD
[    0.000000]   Centaur CentaurHauls
[    0.000000] ------------[ cut here ]------------
[    0.000000] XSAVE consistency problem, dumping leaves
[    0.000000] WARNING: CPU: 0 PID: 0 at /build/linux-lZKWha/linux-4.15.0/arch/x86/kernel/fpu/xstate.c:614 do_extra_xstate_size_checks+0x303/0x3e6
[    0.000000] Modules linked in:
[    0.000000] CPU: 0 PID: 0 Comm: swapper Not tainted 4.15.0-22-generic #24-Ubuntu
[    0.000000] RIP: 0010:do_extra_xstate_size_checks+0x303/0x3e6
[    0.000000] RSP: 0000:ffffffffac003d50 EFLAGS: 00010086 ORIG_RAX: 0000000000000000
[    0.000000] RAX: 0000000000000000 RBX: 000000000000000a RCX: ffffffffac0628a8
[    0.000000] RDX: 0000000000000001 RSI: 0000000000000086 RDI: 0000000000000047
[    0.000000] RBP: ffffffffac003d90 R08: 657661656c20676e R09: 0000000000000007
[    0.000000] R10: ffffffffac259840 R11: 0000000000000000 R12: 0000000000000100
[    0.000000] R13: 0000000000000340 R14: ffffffffac003d54 R15: ffffffffac003d50
[    0.000000] FS:  0000000000000000(0000) GS:ffffffffac27e000(0000) knlGS:0000000000000000
[    0.000000] CS:  0010 DS: 0000 ES: 0000 CR0: 0000000080050033
[    0.000000] CR2: ffff88000008a000 CR3: 000000000f520000 CR4: 00000000000406a0
[    0.000000] Call Trace:
[    0.000000]  fpu__init_system_xstate+0x183/0x484
[    0.000000]  fpu__init_system+0x213/0x265
[    0.000000]  ? early_init_intel+0xb0/0x420
[    0.000000]  early_cpu_init+0x1e0/0x1e7
[    0.000000]  ? 0xffffffffaac00000
[    0.000000]  setup_arch+0xbf/0xc76
[    0.000000]  ? printk+0x52/0x6e
[    0.000000]  start_kernel+0x6d/0x4fd
[    0.000000]  x86_64_start_reservations+0x24/0x26
[    0.000000]  x86_64_start_kernel+0x74/0x77
[    0.000000]  secondary_startup_64+0xa5/0xb0
[    0.000000] Code: ff ff 44 3b 2d 1d 22 8b 01 0f 84 d5 00 00 00 80 3d 9a 43 5d 01 00 75 29 48 c7 c7 f8 7e cb ab c6 05 8a 43 5d 01 01 e8 63 f2 04 00 <0f> 0b eb 12 83 3d d8 09 3f 01 00 0f 84 af fe ff ff e9 a5 fe ff 
[    0.000000] random: get_random_bytes called from print_oops_end_marker+0x3f/0x60 with crng_init=0
[    0.000000] ---[ end trace 7f35a018efbe71d7 ]---
[    0.000000] CPUID[0d, 00]: eax=00000007 ebx=00000440 ecx=00000440 edx=00000000
[    0.000000] CPUID[0d, 01]: eax=00000000 ebx=000003c0 ecx=00000000 edx=00000000
[    0.000000] CPUID[0d, 02]: eax=00000100 ebx=00000240 ecx=00000000 edx=00000000
[    0.000000] CPUID[0d, 03]: eax=00000000 ebx=00000000 ecx=00000000 edx=00000000
[    0.000000] CPUID[0d, 04]: eax=00000000 ebx=00000000 ecx=00000000 edx=00000000
[    0.000000] CPUID[0d, 05]: eax=00000000 ebx=00000000 ecx=00000000 edx=00000000
[    0.000000] CPUID[0d, 06]: eax=00000000 ebx=00000000 ecx=00000000 edx=00000000
[    0.000000] CPUID[0d, 07]: eax=00000000 ebx=00000000 ecx=00000000 edx=00000000
[    0.000000] CPUID[0d, 08]: eax=00000000 ebx=00000000 ecx=00000000 edx=00000000
[    0.000000] CPUID[0d, 09]: eax=00000000 ebx=00000000 ecx=00000000 edx=00000000
[    0.000000] CPUID[0d, 0a]: eax=00000000 ebx=00000000 ecx=00000000 edx=00000000
[    0.000000] CPUID[0d, 0b]: eax=00000000 ebx=00000000 ecx=00000000 edx=00000000
[    0.000000] CPUID[0d, 0c]: eax=00000000 ebx=00000000 ecx=00000000 edx=00000000
[    0.000000] CPUID[0d, 0d]: eax=00000000 ebx=00000000 ecx=00000000 edx=00000000
[    0.000000] CPUID[0d, 0e]: eax=00000000 ebx=00000000 ecx=00000000 edx=00000000
[    0.000000] CPUID[0d, 0f]: eax=00000000 ebx=00000000 ecx=00000000 edx=00000000
[    0.000000] CPUID[0d, 10]: eax=00000000 ebx=00000000 ecx=00000000 edx=00000000
[    0.000000] CPUID[0d, 11]: eax=00000000 ebx=00000000 ecx=00000000 edx=00000000
[    0.000000] CPUID[0d, 12]: eax=00000000 ebx=00000000 ecx=00000000 edx=00000000
[    0.000000] CPUID[0d, 13]: eax=00000000 ebx=00000000 ecx=00000000 edx=00000000
[    0.000000] x86/fpu: Supporting XSAVE feature 0x001: 'x87 floating point registers'
[    0.000000] x86/fpu: Supporting XSAVE feature 0x002: 'SSE registers'
[    0.000000] x86/fpu: Supporting XSAVE feature 0x004: 'AVX registers'
[    0.000000] x86/fpu: xstate_offset[2]:  576, xstate_sizes[2]:  256
[    0.000000] x86/fpu: Enabled xstate features 0x7, context size is 1088 bytes, using 'standard' format.
[    0.000000] e820: BIOS-provided physical RAM map:
[    0.000000] BIOS-e820: [mem 0x0000000000000000-0x000000000009fbff] usable
[    0.000000] BIOS-e820: [mem 0x000000000009fc00-0x000000000009ffff] reserved
[    0.000000] BIOS-e820: [mem 0x00000000000f0000-0x00000000000fffff] reserved
[    0.000000] BIOS-e820: [mem 0x0000000000100000-0x000000003ffeffff] usable
[    0.000000] BIOS-e820: [mem 0x000000003fff0000-0x000000003fffffff] ACPI data
[    0.000000] BIOS-e820: [mem 0x00000000fec00000-0x00000000fec00fff] reserved
[    0.000000] BIOS-e820: [mem 0x00000000fee00000-0x00000000fee00fff] reserved
[    0.000000] BIOS-e820: [mem 0x00000000fffc0000-0x00000000ffffffff] reserved
[    0.000000] NX (Execute Disable) protection: active
[    0.000000] random: fast init done
[    0.000000] SMBIOS 2.5 present.
[    0.000000] DMI: innotek GmbH VirtualBox/VirtualBox, BIOS VirtualBox 12/01/2006
[    0.000000] Hypervisor detected: KVM
[    0.000000] e820: last_pfn = 0x3fff0 max_arch_pfn = 0x400000000
[    0.000000] MTRR: Disabled
[    0.000000] x86/PAT: MTRRs disabled, skipping PAT initialization too.
[    0.000000] CPU MTRRs all blank - virtualized system.
[    0.000000] x86/PAT: Configuration [0-7]: WB  WT  UC- UC  WB  WT  UC- UC  
[    0.000000] found SMP MP-table at [mem 0x0009fff0-0x0009ffff] mapped at [        (ptrval)]
[    0.000000] Scanning 1 areas for low memory corruption
[    0.000000] RAMDISK: [mem 0x35b1d000-0x36d85fff]
[    0.000000] ACPI: Early table checksum verification disabled
[    0.000000] ACPI: RSDP 0x00000000000E0000 000024 (v02 VBOX  )
[    0.000000] ACPI: XSDT 0x000000003FFF0030 00003C (v01 VBOX   VBOXXSDT 00000001 ASL  00000061)
[    0.000000] ACPI: FACP 0x000000003FFF00F0 0000F4 (v04 VBOX   VBOXFACP 00000001 ASL  00000061)
[    0.000000] ACPI: DSDT 0x000000003FFF0470 0021FF (v02 VBOX   VBOXBIOS 00000002 INTL 20160108)
[    0.000000] ACPI: FACS 0x000000003FFF0200 000040
[    0.000000] ACPI: FACS 0x000000003FFF0200 000040
[    0.000000] ACPI: APIC 0x000000003FFF0240 00005C (v02 VBOX   VBOXAPIC 00000001 ASL  00000061)
[    0.000000] ACPI: SSDT 0x000000003FFF02A0 0001CC (v01 VBOX   VBOXCPUT 00000002 INTL 20160108)
[    0.000000] No NUMA configuration found
[    0.000000] Faking a node at [mem 0x0000000000000000-0x000000003ffeffff]
[    0.000000] NODE_DATA(0) allocated [mem 0x3ffc5000-0x3ffeffff]
[    0.000000] kvm-clock: cpu 0, msr 0:3ff44001, primary cpu clock
[    0.000000] kvm-clock: Using msrs 4b564d01 and 4b564d00
[    0.000000] kvm-clock: using sched offset of 3203040093 cycles
[    0.000000] clocksource: kvm-clock: mask: 0xffffffffffffffff max_cycles: 0x1cd42e4dffb, max_idle_ns: 881590591483 ns
[    0.000000] Zone ranges:
[    0.000000]   DMA      [mem 0x0000000000001000-0x0000000000ffffff]
[    0.000000]   DMA32    [mem 0x0000000001000000-0x000000003ffeffff]
[    0.000000]   Normal   empty
[    0.000000]   Device   empty
[    0.000000] Movable zone start for each node
[    0.000000] Early memory node ranges
[    0.000000]   node   0: [mem 0x0000000000001000-0x000000000009efff]
[    0.000000]   node   0: [mem 0x0000000000100000-0x000000003ffeffff]
[    0.000000] Initmem setup node 0 [mem 0x0000000000001000-0x000000003ffeffff]
[    0.000000] Reserved but unavailable: 98 pages
[    0.000000] ACPI: PM-Timer IO Port: 0x4008
[    0.000000] IOAPIC[0]: apic_id 2, version 32, address 0xfec00000, GSI 0-23
[    0.000000] ACPI: INT_SRC_OVR (bus 0 bus_irq 0 global_irq 2 dfl dfl)
[    0.000000] ACPI: INT_SRC_OVR (bus 0 bus_irq 9 global_irq 9 high level)
[    0.000000] Using ACPI (MADT) for SMP configuration information
[    0.000000] smpboot: Allowing 2 CPUs, 0 hotplug CPUs
[    0.000000] PM: Registered nosave memory: [mem 0x00000000-0x00000fff]
[    0.000000] PM: Registered nosave memory: [mem 0x0009f000-0x0009ffff]
[    0.000000] PM: Registered nosave memory: [mem 0x000a0000-0x000effff]
[    0.000000] PM: Registered nosave memory: [mem 0x000f0000-0x000fffff]
[    0.000000] e820: [mem 0x40000000-0xfebfffff] available for PCI devices
[    0.000000] Booting paravirtualized kernel on KVM
[    0.000000] clocksource: refined-jiffies: mask: 0xffffffff max_cycles: 0xffffffff, max_idle_ns: 7645519600211568 ns
[    0.000000] setup_percpu: NR_CPUS:8192 nr_cpumask_bits:2 nr_cpu_ids:2 nr_node_ids:1
[    0.000000] percpu: Embedded 46 pages/cpu @        (ptrval) s151552 r8192 d28672 u1048576
[    0.000000] PV qspinlock hash table entries: 256 (order: 0, 4096 bytes)
[    0.000000] Built 1 zonelists, mobility grouping on.  Total pages: 257913
[    0.000000] Policy zone: DMA32
[    0.000000] Kernel command line: BOOT_IMAGE=/boot/vmlinuz-4.15.0-22-generic root=LABEL=cloudimg-rootfs ro console=tty1 console=ttyS0
[    0.000000] Memory: 983736K/1048120K available (12300K kernel code, 2470K rwdata, 4240K rodata, 2404K init, 2416K bss, 64384K reserved, 0K cma-reserved)
[    0.000000] SLUB: HWalign=64, Order=0-3, MinObjects=0, CPUs=2, Nodes=1
[    0.000000] Kernel/User page tables isolation: enabled
[    0.000000] ftrace: allocating 39081 entries in 153 pages
[    0.004000] Hierarchical RCU implementation.
[    0.004000] 	RCU restricting CPUs from NR_CPUS=8192 to nr_cpu_ids=2.
[    0.004000] 	Tasks RCU enabled.
[    0.004000] RCU: Adjusting geometry for rcu_fanout_leaf=16, nr_cpu_ids=2
[    0.004000] NR_IRQS: 524544, nr_irqs: 440, preallocated irqs: 16
[    0.004000] Console: colour VGA+ 80x25
[    0.004000] console [tty1] enabled
[    0.004000] console [ttyS0] enabled
[    0.004000] ACPI: Core revision 20170831
[    0.004000] ACPI: 2 ACPI AML tables successfully acquired and loaded
[    0.004000] APIC: Switch to symmetric I/O mode setup
[    0.004253] x2apic enabled
[    0.008006] Switched APIC routing to physical x2apic.
[    0.012972] ..TIMER: vector=0x30 apic1=0 pin1=2 apic2=-1 pin2=-1
[    0.016002] tsc: Detected 2712.000 MHz processor
[    0.016651] Calibrating delay loop (skipped) preset value.. 5424.00 BogoMIPS (lpj=10848000)
[    0.017187] pid_max: default: 32768 minimum: 301
[    0.020038] Security Framework initialized
[    0.020672] Yama: becoming mindful.
[    0.021211] AppArmor: AppArmor initialized
[    0.022422] Dentry cache hash table entries: 131072 (order: 8, 1048576 bytes)
[    0.024101] Inode-cache hash table entries: 65536 (order: 7, 524288 bytes)
[    0.025048] Mount-cache hash table entries: 2048 (order: 2, 16384 bytes)
[    0.028005] Mountpoint-cache hash table entries: 2048 (order: 2, 16384 bytes)
[    0.029174] CPU: Physical Processor ID: 0
[    0.032002] CPU: Processor Core ID: 0
[    0.032565] mce: CPU supports 0 MCE banks
[    0.033159] Last level iTLB entries: 4KB 64, 2MB 8, 4MB 8
[    0.033909] Last level dTLB entries: 4KB 64, 2MB 0, 4MB 0, 1GB 4
[    0.034733] Spectre V2 : Mitigation: Full generic retpoline
[    0.035500] Spectre V2 : Spectre v2 mitigation: Filling RSB on context switch
[    0.036001] Speculative Store Bypass: Vulnerable
[    0.036745] Freeing SMP alternatives memory: 36K
[    0.040000] smpboot: CPU0: Intel(R) Core(TM) i5-7200U CPU @ 2.50GHz (family: 0x6, model: 0x8e, stepping: 0x9)
[    0.040080] Performance Events: unsupported p6 CPU model 142 no PMU driver, software events only.
[    0.041333] Hierarchical SRCU implementation.
[    0.042560] NMI watchdog: Perf event create on CPU 0 failed with -2
[    0.044002] NMI watchdog: Perf NMI watchdog permanently disabled
[    0.044868] smp: Bringing up secondary CPUs ...
[    0.045579] x86: Booting SMP configuration:
[    0.046185] .... node  #0, CPUs:      #1
[    0.004000] kvm-clock: cpu 1, msr 0:3ff44041, secondary cpu clock
[    0.004000] mce: CPU supports 0 MCE banks
[    0.060021] smp: Brought up 1 node, 2 CPUs
[    0.060603] smpboot: Max logical packages: 1
[    0.061215] smpboot: Total of 2 processors activated (10848.00 BogoMIPS)
[    0.062260] devtmpfs: initialized
[    0.064082] x86/mm: Memory block size: 128MB
[    0.064846] evm: security.selinux
[    0.065364] evm: security.SMACK64
[    0.065871] evm: security.SMACK64EXEC
[    0.066421] evm: security.SMACK64TRANSMUTE
[    0.067029] evm: security.SMACK64MMAP
[    0.068009] evm: security.apparmor
[    0.072006] evm: security.ima
[    0.076004] evm: security.capability
[    0.076521] clocksource: jiffies: mask: 0xffffffff max_cycles: 0xffffffff, max_idle_ns: 7645041785100000 ns
[    0.077158] futex hash table entries: 512 (order: 3, 32768 bytes)
[    0.077935] pinctrl core: initialized pinctrl subsystem
[    0.079053] RTC time:  9:54:11, date: 07/17/18
[    0.080149] NET: Registered protocol family 16
[    0.084080] audit: initializing netlink subsys (disabled)
[    0.087116] audit: type=2000 audit(1531821255.059:1): state=initialized audit_enabled=0 res=1
[    0.088017] cpuidle: using governor ladder
[    0.088632] cpuidle: using governor menu
[    0.092015] ACPI: bus type PCI registered
[    0.096010] acpiphp: ACPI Hot Plug PCI Controller Driver version: 0.5
[    0.100109] PCI: Using configuration type 1 for base access
[    0.104211] HugeTLB registered 2.00 MiB page size, pre-allocated 0 pages
[    0.108090] ACPI: Added _OSI(Module Device)
[    0.112015] ACPI: Added _OSI(Processor Device)
[    0.116014] ACPI: Added _OSI(3.0 _SCP Extensions)
[    0.120005] ACPI: Added _OSI(Processor Aggregator Device)
[    0.121025] ACPI: Executed 1 blocks of module-level executable AML code
[    0.127070] ACPI: Interpreter enabled
[    0.128014] ACPI: (supports S0 S5)
[    0.128534] ACPI: Using IOAPIC for interrupt routing
[    0.132219] PCI: Using host bridge windows from ACPI; if necessary, use "pci=nocrs" and report a bug
[    0.136166] ACPI: Enabled 2 GPEs in block 00 to 07
[    0.144233] ACPI: PCI Root Bridge [PCI0] (domain 0000 [bus 00-ff])
[    0.148018] acpi PNP0A03:00: _OSC: OS supports [ASPM ClockPM Segments MSI]
[    0.152042] acpi PNP0A03:00: _OSC: not requesting OS control; OS requires [ExtendedConfig ASPM ClockPM MSI]
[    0.154819] acpi PNP0A03:00: fail to add MMCONFIG information, can't access extended PCI configuration space under this bridge.
[    0.156320] PCI host bridge to bus 0000:00
[    0.160005] pci_bus 0000:00: root bus resource [io  0x0000-0x0cf7 window]
[    0.160954] pci_bus 0000:00: root bus resource [io  0x0d00-0xffff window]
[    0.164003] pci_bus 0000:00: root bus resource [mem 0x000a0000-0x000bffff window]
[    0.168003] pci_bus 0000:00: root bus resource [mem 0x40000000-0xffdfffff window]
[    0.172004] pci_bus 0000:00: root bus resource [bus 00-ff]
[    0.177309] pci 0000:00:01.1: legacy IDE quirk: reg 0x10: [io  0x01f0-0x01f7]
[    0.180011] pci 0000:00:01.1: legacy IDE quirk: reg 0x14: [io  0x03f6]
[    0.184012] pci 0000:00:01.1: legacy IDE quirk: reg 0x18: [io  0x0170-0x0177]
[    0.185161] pci 0000:00:01.1: legacy IDE quirk: reg 0x1c: [io  0x0376]
[    0.208824] pci 0000:00:07.0: quirk: [io  0x4000-0x403f] claimed by PIIX4 ACPI
[    0.212022] pci 0000:00:07.0: quirk: [io  0x4100-0x410f] claimed by PIIX4 SMB
[    0.219186] ACPI: PCI Interrupt Link [LNKA] (IRQs 5 9 10 *11)
[    0.220311] ACPI: PCI Interrupt Link [LNKB] (IRQs 5 9 10 *11)
[    0.224097] ACPI: PCI Interrupt Link [LNKC] (IRQs 5 9 *10 11)
[    0.224996] ACPI: PCI Interrupt Link [LNKD] (IRQs 5 *9 10 11)
[    0.226151] SCSI subsystem initialized
[    0.228051] pci 0000:00:02.0: vgaarb: setting as boot VGA device
[    0.229940] pci 0000:00:02.0: vgaarb: VGA device added: decodes=io+mem,owns=io+mem,locks=none
[    0.231117] pci 0000:00:02.0: vgaarb: bridge control possible
[    0.232004] vgaarb: loaded
[    0.232454] ACPI: bus type USB registered
[    0.233064] usbcore: registered new interface driver usbfs
[    0.233831] usbcore: registered new interface driver hub
[    0.236015] usbcore: registered new device driver usb
[    0.236770] EDAC MC: Ver: 3.0.0
[    0.236770] PCI: Using ACPI for IRQ routing
[    0.236837] NetLabel: Initializing
[    0.237350] NetLabel:  domain hash size = 128
[    0.240002] NetLabel:  protocols = UNLABELED CIPSOv4 CALIPSO
[    0.240805] NetLabel:  unlabeled traffic allowed by default
[    0.241604] clocksource: Switched to clocksource kvm-clock
[    0.250316] VFS: Disk quotas dquot_6.6.0
[    0.256225] VFS: Dquot-cache hash table entries: 512 (order 0, 4096 bytes)
[    0.257258] AppArmor: AppArmor Filesystem Enabled
[    0.257952] pnp: PnP ACPI init
[    0.259247] pnp: PnP ACPI: found 3 devices
[    0.273516] clocksource: acpi_pm: mask: 0xffffff max_cycles: 0xffffff, max_idle_ns: 2085701024 ns
[    0.472434] NET: Registered protocol family 2
[    0.473758] TCP established hash table entries: 8192 (order: 4, 65536 bytes)
[    0.617978] TCP bind hash table entries: 8192 (order: 5, 131072 bytes)
[    0.685060] TCP: Hash tables configured (established 8192 bind 8192)
[    0.712512] UDP hash table entries: 512 (order: 2, 16384 bytes)
[    0.713215] UDP-Lite hash table entries: 512 (order: 2, 16384 bytes)
[    0.713997] NET: Registered protocol family 1
[    0.714555] pci 0000:00:00.0: Limiting direct PCI/PCI transfers
[    0.715266] pci 0000:00:01.0: Activating ISA DMA hang workarounds
[    0.716010] pci 0000:00:02.0: Video device with shadowed ROM at [mem 0x000c0000-0x000dffff]
[    0.717089] Unpacking initramfs...
[    0.976238] Freeing initrd memory: 18852K
[    1.026639] platform rtc_cmos: registered platform RTC device (no PNP device found)
[    1.200297] Scanning for low memory corruption every 60 seconds
[    1.291176] Initialise system trusted keyrings
[    1.336567] Key type blacklist registered
[    1.337254] workingset: timestamp_bits=36 max_order=18 bucket_order=0
[    1.339427] zbud: loaded
[    1.345604] squashfs: version 4.0 (2009/01/31) Phillip Lougher
[    1.346612] fuse init (API version 7.26)
[    1.350388] Key type asymmetric registered
[    1.353133] Asymmetric key parser 'x509' registered
[    1.353854] Block layer SCSI generic (bsg) driver version 0.4 loaded (major 246)
[    1.354988] io scheduler noop registered
[    1.355563] io scheduler deadline registered
[    1.356230] io scheduler cfq registered (default)
[    1.357204] ACPI: AC Adapter [AC] (on-line)
[    1.357855] input: Power Button as /devices/LNXSYSTM:00/LNXPWRBN:00/input/input0
[    1.358992] ACPI: Power Button [PWRF]
[    1.359584] input: Sleep Button as /devices/LNXSYSTM:00/LNXSLPBN:00/input/input1
[    1.360652] ACPI: Sleep Button [SLPF]
[    1.362078] ACPI: Battery Slot [BAT0] (battery present)
[    1.364799] Serial: 8250/16550 driver, 32 ports, IRQ sharing enabled
[    1.387193] 00:02: ttyS0 at I/O 0x3f8 (irq = 4, base_baud = 115200) is a 16550A
[    1.449154] Linux agpgart interface v0.103
[    1.506894] loop: module loaded
[    1.513254] scsi host0: ata_piix
[    1.517742] scsi host1: ata_piix
[    1.518268] ata1: PATA max UDMA/33 cmd 0x1f0 ctl 0x3f6 bmdma 0xd000 irq 14
[    1.519232] ata2: PATA max UDMA/33 cmd 0x170 ctl 0x376 bmdma 0xd008 irq 15
[    1.520458] libphy: Fixed MDIO Bus: probed
[    1.591035] tun: Universal TUN/TAP device driver, 1.6
[    1.653370] PPP generic driver version 2.4.2
[    1.697543] ehci_hcd: USB 2.0 'Enhanced' Host Controller (EHCI) Driver
[    1.789173] ehci-pci: EHCI PCI platform driver
[    1.845813] ehci-platform: EHCI generic platform driver
[    1.952714] ohci_hcd: USB 1.1 'Open' Host Controller (OHCI) Driver
[    1.953574] ohci-pci: OHCI PCI platform driver
[    1.954223] ohci-platform: OHCI generic platform driver
[    2.020946] uhci_hcd: USB Universal Host Controller Interface driver
[    2.021886] i8042: PNP: PS/2 Controller [PNP0303:PS2K,PNP0f03:PS2M] at 0x60,0x64 irq 1,12
[    2.023436] serio: i8042 KBD port at 0x60,0x64 irq 1
[    2.024144] serio: i8042 AUX port at 0x60,0x64 irq 12
[    2.025081] mousedev: PS/2 mouse device common for all mice
[    2.031797] input: AT Translated Set 2 keyboard as /devices/platform/i8042/serio0/input/input2
[    2.033061] rtc_cmos rtc_cmos: rtc core: registered rtc_cmos as rtc0
[    2.034097] rtc_cmos rtc_cmos: alarms up to one day, 114 bytes nvram
[    2.065436] tsc: Refined TSC clocksource calibration: 2713.488 MHz
[    2.072067] i2c /dev entries driver
[    2.072122] device-mapper: uevent: version 1.0.3
[    2.072176] device-mapper: ioctl: 4.37.0-ioctl (2017-09-20) initialised: dm-devel@redhat.com
[    2.131061] clocksource: tsc: mask: 0xffffffffffffffff max_cycles: 0x271d0402ecf, max_idle_ns: 440795298828 ns
[    2.212688] ledtrig-cpu: registered to indicate activity on CPUs
[    2.241882] NET: Registered protocol family 10
[    2.269547] Segment Routing with IPv6
[    2.281877] NET: Registered protocol family 17
[    2.282518] Key type dns_resolver registered
[    2.283225] RAS: Correctable Errors collector initialized.
[    2.283898] sched_clock: Marking stable (2283148084, 0)->(4397135578, -2113987494)
[    2.321699] registered taskstats version 1
[    2.381258] Loading compiled-in X.509 certificates
[    2.389282] Loaded X.509 cert 'Build time autogenerated kernel key: 2bae1e8c50dcab357f42f039715f6a76c2f9c3dc'
[    2.524557] zswap: loaded using pool lzo/zbud
[    25528071] Key type big_key registered
[    2.831142] Key type trusted registered
[    2.833098] Key type encrypted registered
[    2.838892] AppArmor: AppArmor sha1 policy hashing enabled
[    2.839557] ima: No TPM chip found, activating TPM-bypass! (rc=-19)
[    3.131446] evm: HMAC attrs: 0x1
[    3.132070]   Magic number: 10:128:930
[    3.132644] rtc_cmos rtc_cmos: setting system clock to 2018-07-17 09:54:15 UTC (1531821255)
[    3.231749] BIOS EDD facility v0.16 2004-Jun-25, 0 devices found
[    3.241651] EDD information not available.
[    3.244836] Freeing unused kernel memory: 2404K
[    3.261500] Write protecting the kernel read-only data: 20480k
[    3.262846] Freeing unused kernel memory: 2008K
[    3.268942] Freeing unused kernel memory: 1904K
[    3.276136] x86/mm: Checked W+X mappings: passed, no W+X pages found.
[    3.277055] x86/mm: Checking user space page tables
[    3.282383] x86/mm: Checked W+X mappings: passed, no W+X pages found.
Loading, please wait...
starting version 237
[    3.336984] e1000: Intel(R) PRO/1000 Network Driver - version 7.3.21-k8-NAPI
[    3.348568] e1000: Copyright (c) 1999-2006 Intel Corporation.
[    3.354286] Fusion MPT base driver 3.04.20
[    3.364656] Copyright (c) 1999-2008 LSI Corporation
[    3.379463] Fusion MPT SPI Host driver 3.04.20
[    3.399857] AVX version of gcm_enc/dec engaged.
[    3.435809] AES CTR mode by8 optimization enabled
[    3.557142] input: ImExPS/2 Generic Explorer Mouse as /devices/platform/i8042/serio1/input/input4
[    3.715860] e1000 0000:00:03.0 eth0: (PCI:33MHz:32-bit) 02:e0:49:75:b8:e9
[    3.731823] e1000 0000:00:03.0 eth0: Intel(R) PRO/1000 Network Connection
[    3.852175] mptbase: ioc0: Initiating bringup
[    3.852875] e1000 0000:00:03.0 enp0s3: renamed from eth0
[    4.109490] ioc0: LSI53C1030 A0: Capabilities={Initiator}
[    4.461001] scsi host2: ioc0: LSI53C1030 A0, FwRev=00000000h, Ports=1, MaxQ=256, IRQ=20
[    4.801321] scsi 2:0:0:0: Direct-Access     VBOX     HARDDISK         1.0  PQ: 0 ANSI: 5
[    4.928143] scsi target2:0:0: Beginning Domain Validation
[    4.937161] scsi target2:0:0: Domain Validation skipping write tests
[    4.940202] scsi target2:0:0: Ending Domain Validation
[    4.941891] scsi target2:0:0: asynchronous
[    4.944138] scsi 2:0:1:0: Direct-Access     VBOX     HARDDISK         1.0  PQ: 0 ANSI: 5
[    4.981158] scsi target2:0:1: Beginning Domain Validation
[    5.140492] scsi target2:0:1: Domain Validation skipping write tests
[    5.287382] scsi target2:0:1: Ending Domain Validation
[    5.288200] scsi target2:0:1: asynchronous
[    5.291539] sd 2:0:0:0: Attached scsi generic sg0 type 0
[    5.293581] sd 2:0:0:0: [sda] 20971520 512-byte logical blocks: (10.7 GB/10.0 GiB)
[    5.293630] sd 2:0:1:0: Attached scsi generic sg1 type 0
[    5.293784] sd 2:0:1:0: [sdb] 20480 512-byte logical blocks: (10.5 MB/10.0 MiB)
[    5.293817] sd 2:0:1:0: [sdb] Write Protect is off
[    5.293877] sd 2:0:1:0: [sdb] Incomplete mode parameter data
[    5.293878] sd 2:0:1:0: [sdb] Assuming drive cache: write through
[    5.301081] sd 2:0:1:0: [sdb] Attached SCSI disk
[    5.313422] sd 2:0:0:0: [sda] Write Protect is off
[    5.314327] sd 2:0:0:0: [sda] Incomplete mode parameter data
[    5.315141] sd 2:0:0:0: [sda] Assuming drive cache: write through
[    5.317050]  sda: sda1
[    5.321986] sd 2:0:0:0: [sda] Attached SCSI disk
Begin: Loading essential drivers ... [    6.780970] raid6: sse2x1   gen() 11254 MB/s
[    6.832171] raid6: sse2x1   xor()  6972 MB/s
[    7.176222] raid6: sse2x2   gen() 12965 MB/s
[    7.280898] raid6: sse2x2   xor()  9789 MB/s
[    7.340910] raid6: sse2x4   gen() 16879 MB/s
[    7.390975] raid6: sse2x4   xor()  9906 MB/s
[    7.401520] raid6: using algorithm sse2x4 gen() 16879 MB/s
[    7.402289] raid6: .... xor() 9906 MB/s, rmw enabled
[    7.402995] raid6: using ssse3x2 recovery algorithm
[    7.404717] xor: automatically using best checksumming function   avx       
[    7.422617] async_tx: api initialized (async)
done.
Begin: Running /scripts/init-premount ... done.
Begin: Mounting root file system ... Begin: Running /scripts/local-top ... done.
Begin: Running /scripts/local-premount ... [    7.465576] Btrfs loaded, crc32c=crc32c-intel
Scanning for Btrfs filesystems
done.
Warning: fsck not present, so sk[    7.571239] EXT4-fs (sda1): mounted filesystem with ordered data mode. Opts: (null)
ipping root file system
done.
Begin: Running /scripts/local-bottom ... done.
Begin: Running /scripts/init-bottom ... done.
[    7.789518] ip_tables: (C) 2000-2006 Netfilter Core Team
[    8.110229] systemd[1]: systemd 237 running in system mode. (+PAM +AUDIT +SELINUX +IMA +APPARMOR +SMACK +SYSVINIT +UTMP +LIBCRYPTSETUP +GCRYPT +GNUTLS +ACL +XZ +LZ4 +SECCOMP +BLKID +ELFUTILS +KMOD -IDN2 +IDN -PCRE2 default-hierarchy=hybrid)
[    8.232148] systemd[1]: Detected virtualization oracle.
[    8.232795] systemd[1]: Detected architecture x86-64.

Welcome to [1mUbuntu 18.04 LTS[0m!

[    8.252517] systemd[1]: Set hostname to <ubuntu>.
[    8.303895] systemd[1]: Initializing machine ID from random generator.
[    8.313148] systemd[1]: Installed transient /etc/machine-id file.
[    8.488960] systemd[1]: Reached target System Time Synchronized.
[[0;32m  OK  [0m] Reached target System Time Synchronized.
[    8.562709] systemd[1]: Reached target User and Group Name Lookups.
[[0;32m  OK  [0m] Reached target User and Group Name Lookups.
[    8.564481] systemd[1]: Started Forward Password Requests to Wall Directory Watch.
[[0;32m  OK  [0m] Started Forward Password Requests to Wall Directory Watch.
[    8.567884] systemd[1]: Created slice User and Session Slice.
[[0;32m  OK  [0m] Created slice User and Session Slice.
[[0;32m  OK  [0m] Created slice System Slice.
[[0;32m  OK  [0m] Listening on Journal Socket (/dev/log).
[[0;32m  OK  [0m] Listening on udev Control Socket.
[[0;32m  OK  [0m] Listening on Journal Audit Socket.
[[0;32m  OK  [0m] Listening on Journal Socket.
         Starting Load Kernel Modules...
         Mounting Huge Pages File System...
[[0;32m  OK  [0[    8.595312] Loading iSCSI transport class v2.0-870.
m] Listening on Syslog Socket.
[[0;32m  OK  [0m] Reached target Slices.
         Starting Uncomplicated firewall...
[[0;32m  OK  [0m] Listening on Network Service Netlink Socket.
[    8.718746] iscsi: registered transport (tcp)
[[0;32m  OK  [0m] Listening on udev Kernel Socket.
[[0;32m  OK  [0[    8.822693] iscsi: registered transport (iser)
m] Listening on LVM2 metadata daemon socket.
[[0;32m  OK  [0m] Created slice system-serial\x2dgetty.slice.
[[0;32m  OK  [0m] Listening on Device-mapper event daemon FIFOs.
         Starting Monitoring of LVM2 mirrorsâ€¦ng dmeventd or progress polling...
[[0;32m  OK  [0m] Listening on /dev/initctl Compatibility Named Pipe.
         Starting Journal Service...
[[0;32m  OK  [0m] Listening on LVM2 poll daemon socket.
         Starting Remount Root and Kernel File Systems...
         Starting Set the console keyboard layout...
         Mounting POSIX Message Queue File System...
         Mounting Kernel Debug File System...
[    9.064173] EXT4-fs (sda1): re-mounted. Opts: (null)
         Starting udev Coldplug all Devices...
         Starting Create list of required stâ€¦ce nodes for the current kernel...
[[0;32m  OK  [0m] Reached target Swap.
[[0;32m  OK  [0m] Set up automount Arbitrary Executabâ€¦rmats File System Automount Point.
[    9.217526] random: crng init done
[[0;32m  OK  [0m] Started Journal Service.
[[0;32m  OK  [0m] Started Load Kernel Modules.
[[0;32m  OK  [0m] Mounted Huge Pages File System.
[[0;32m  OK  [0m] Started Uncomplicated firewall.
[[0;32m  OK  [0m] Started Remount Root and Kernel File Systems.
[[0;32m  OK  [0m] Started Set the console keyboard layout.
[[0;32m  OK  [0m] Mounted POSIX Message Queue File System.
[[0;32m  OK  [0m] Mounted Kernel Debug File System.
[[0;32m  OK  [0m] Started Create list of required staâ€¦vice nodes for the current kernel.
[[0;32m  OK  [0m] Started LVM2 metadata daemon.
         Starting Create Static Device Nodes in /dev...
         Starting Initial cloud-init job (pre-networking)...
         Starting Load/Save Random Seed...
         Mounting FUSE Control File System...
         Starting Apply Kernel Variables...
         Mounting Kernel Configuration File System...
         Starting Flush Journal to Persistent Storage...
[[0;32m  OK  [0m] Started Monitoring of LVM2 mirrors,â€¦sing dmeventd or progress polling.
[[0;32m  OK  [0m] Started udev Coldplug all Devices.
[[0;32m  OK  [0m] Started Create Static Device Nodes in /dev.
[[0;32m  OK  [0m] Started Load/Save Random Seed.
[[0;32m  OK  [0m] Mounted FUSE Control File System.
[[0;32m  OK  [0m] Started Apply Kernel Variables.
[[0;32m  OK  [0m] Mounted Kernel Configuration File System.
         Starting udev Kernel Device Manager...
[[0;32m  OK  [0m] Reached target Local File Systems (Pre).
[[0;32m  OK  [0m] Reached target Local File Systems.
         Starting Commit a transient machine-id on disk...
         Starting AppArmor initialization...
         Starting Tell Plymouth To Write Out Runtime Data...
         Starting ebtables ruleset management...
         Starting Set console font and keymap...
[[0;32m  OK  [0m] Started udev Kernel Device Manager.
[[0;32m  OK  [0m] Started Tell Plymouth To Write Out Runtime Data.
[[0;32m  OK  [0m] Started Set console font and keymap.
[[0;32m  OK  [0m] Started Commit a transient machine-id on disk.
[[0;32m  OK  [0m] Started Dispatch Password Requests to Console Directory Watch.
[[0;32m  OK  [0m] Reached target Local Encrypted Volumes.
[[0;32m  OK  [0m] Started Flush Journal to Persistent Storage.
         Starting Create Volatile Files and Directories...
[[0;32m  OK  [0m] Started ebtables ruleset management.
[[0;32m  OK  [0m] Started Create Volatile Files and Directories.
[[0;32m  OK  [0m] Found device /dev/ttyS0.
         Starting Update UTMP about System Boot/Shutdown...
[[0;32m  OK  [0m] Listening on Load/Save RF Kill Switch Status /dev/rfkill Watch.
[[0;32m  OK  [0m] Started Update UTMP about System Boot/Shutdown.
[[0;32m  OK  [0m] Started AppArmor initialization.
[   11.066965] cloud-init[412]: Cloud-init v. 18.2 running 'init-local' at Tue, 17 Jul 2018 09:54:22 +0000. Up 10.61 seconds.
[[0;32m  OK  [0m] Started Initial cloud-init job (pre-networking).
[[0;32m  OK  [0m] Reached target Network (Pre).
         Starting Network Service...
[[0;32m  OK  [0m] Started Network Service.
         Starting Wait for Network to be Configured...
         Starting Network Name Resolution...
[[0;32m  OK  [0m] Started Network Name Resolution.
[[0;32m  OK  [0m] Reached target Host and Network Name Lookups.
[[0;32m  OK  [0m] Reached target Network.
[[0;32m  OK  [0m] Started Wait for Network to be Configured.
         Starting Initial cloud-init job (metadata service crawler)...
[   13.753782] cloud-init[684]: Cloud-init v. 18.2 running 'init' at Tue, 17 Jul 2018 09:54:25 +0000. Up 12.83 seconds.
[[0;32m  OK  [0m] Started Initial cloud-init job (metadata service crawler).
[   13.820374] cloud-init[684]: ci-info: ++++++++++++++++++++++++++++++++++++++Net device info++++++++++++++++++++++++++++++++++++++
[[0;32m  OK  [0m] Reached target System Initialization.
[   13.824251] [cloud-init[0;32m  OK  [0m[684]: ci-info: +--------+------+----------------------------+---------------+--------+-------------------+
] Listening on UUID daemon activation socket.
[[0;32m  OK  [0m] Listening on D-Bus System Message Bus Socket.
[   13.829012] [cloud-init[0;32m  OK  [0m[684]: ] ci-info: | Device |  Up  |          Address           |      Mask     | Scope  |     Hw-Address    |Started Discard unused blocks once a week.

[   13.835918]          Starting LXD - unix socket.
cloud-init[684]: ci-info: +--------+------+----------------------------+---------------+--------+-------------------+
[[0;32m  OK  [0m] Started ACPI Events Check.
[[0;32m  OK  [0m] Reached target Paths.
[   13.842798] cloud-init[684]: ci-info: | enp0s3 | True |         10.0.2.15          | 255.255.255.0 | global | 02:e0:49:75:b8:e9 |
[[0;32m  OK  [0m] Listening on ACPID Listen Socket.
[   13.849318] cloud-init[684]: ci-info: | enp0s3 | True | fe80::e0:49ff:fe75:b8e9/64 |       .       |  link  | 02:e0:49:75:b8:e9 |
[[0;32m  OK  [0m] Started Daily apt download activities.
[   13.859119] [cloud-init[0;32m  OK  [0m[684]: ] ci-info: |   lo   | True |         127.0.0.1          |   255.0.0.0   |  host  |         .         |Started Daily apt upgrade and clean activities.

         Starting Socket activation for snappy daemon.
[   13.866495] [cloud-init[0;32m  OK  [0m[684]: ] ci-info: |   lo   | True |          ::1/128           |       .       |  host  |         .         |Started Daily Cleanup of Temporary Directories.

[[0;32m  OK  [0m] Started Message of the Day.
[   13.873843] cloud-init[684]: ci-info: +--------+------+----------------------------+---------------+--------+-------------------+
[   13.877676] [cloud-init[0;32m  OK  [0m[684]: ] ci-info: ++++++++++++++++++++++++++++Route IPv4 info+++++++++++++++++++++++++++++Reached target Timers.

[   13.880785] [cloud-init[0;32m  OK  [0m[684]: ] ci-info: +-------+-------------+----------+-----------------+-----------+-------+Reached target Network is Online.

         Starting iSCSI initiator daemon (iscsid)...
[   13.908401] cloud-init[684]: ci-info: | Route | Destination | Gateway  |     Genmask     | Interface | Flags |
[[0;32m  OK  [0m] Reached target Cloud-config availability.
[   13.922581] [cloud-init[0;32m  OK  [0m[684]: ] ci-info: +-------+-------------+----------+-----------------+-----------+-------+Listening on LXD - unix socket.

[   13.926692] [cloud-init[684]: ci-info: |   0   |   0.0.0.0   | 10.0.2.2 |     0.0.0.0     |   enp0s3  |   UG  |[0;32m  OK  [0m
] Listening on Socket activation for snappy daemon.
[   13.926939] cloud-init[684]: ci-info: |   1   |   10.0.2.0  | 0.0.0.0  |  255.255.255.0  |   enp0s3  |   U   |
[   13.944282] [cloud-init[0;32m  OK  [0m[684]: ] ci-info: |   2   |   10.0.2.2  | 0.0.0.0  | 255.255.255.255 |   enp0s3  |   UH  |Reached target Sockets.

[   13.946790] [cloud-init[0;32m  OK  [0m[684]: ] ci-info: +-------+-------------+----------+-----------------+-----------+-------+Reached target Basic System.

[   13.979085]          cloud-initStarting Login Service...[684]: 
ci-info: +++++++++++++++++++Route IPv6 info+++++++++++++++++++
         Starting Pollinate to seed the pseudo random number generator...
[   14.042345] cloud-init[684]: ci-info: +-------+-------------+---------+-----------+-------+
         Starting Dispatcher daemon for systemd-networkd...
[   14.129652] cloud-init[684]: ci-info: | Route | Destination | Gateway | Interface | Flags |
[[0;32m  OK  [0m] Started Regular background program processing daemon.
[   14.164307] cloud-init[684]: ci-info: +-------+-------------+---------+-----------+-------+
         Starting Accounts Service...
[   14.168698] [[0;32m  OK  [0m] Started Unattended Upgrades Shutdown.
cloud-init[684]: ci-info: |   1   |  fe80::/64  |    ::   |   enp0s3  |   U   |
[[0;32m  OK  [0m] Started Deferred execution scheduler.
[   14.224635] cloud-init[684]: ci-info: |   3   |    local    |    ::   |   enp0s3  |   U   |
[[0;32m  OK  [0m] Started FUSE filesystem for LXC.
[   14.228917] cloud-init[684]: ci-info: |   4   |   ff00::/8  |    ::   |   enp0s3  |   U   |
         Starting Apply the settings specified in cloud-config...
[   14.265847] cloud-init[684]: ci-info: +-------+-------------+---------+-----------+-------+
         Starting LSB: Record successful boot for GRUB...
[   14.367468] cloud-init[684]: Generating public/private rsa key pair.
         Starting Snappy daemon...
         Starting Virtualbox guest utils...
         Starting System Logging Service...
[[0;32m  OK  [0m] Started D-Bus System Message Bus.
[   14.391826] cloud-init[684]: Your identification has been saved in /etc/ssh/ssh_host_rsa_key.
[[0;32m  OK  [0m] Started Login Service.
[   14.682619] cloud-init[684]: Your public key has been saved in /etc/ssh/ssh_host_rsa_key.pub.
[   14.704147] cloud-init[684]: The key fingerprint is:
[   14.707101] cloud-init[684]: SHA256:1U+NJZIfzV3JR7399MAN4Md13AVHOIDLAX5XZ3tfDZc root@ubuntu-bionic
[   14.709194] cloud-init[684]: The key's randomart image is:
[   14.724236] cloud-init[684]: +---[RSA 2048]----+
[[0;32m  OK  [0m] Started irqbalance daemon.
[   14.764783] cloud-init[684]: |        .. .++*O^|
         Starting LXD - container startup/shutdown...
[   14.800455] cloud-init[684]: |       .  oo.+=E%|
[[0;32m  OK  [0m] Started System Logging Service.
[   14.827004] cloud-init[684]: |        ..oo+o=*O|
[   14.872299] [[0;32m  OK  [0m] Started Snappy daemon.
cloud-init[684]: |         oo. ++.B|
[[0;32m  OK  [0m] Started Dispatcher daemon for systemd-networkd.
[   14.905379] cloud-init[684]: |        S     .o+|
[[0;32m  OK  [0m] Started iSCSI initiator daemon (iscsid).
[   14.908603] cloud-init[684]: |                o|
[[0;32m  OK  [0m] Started Pollinate to seed the pseudo random number generator.
[   14.944899] cloud-init[684]: |                 |
[[0;32m  OK  [0m] Started LXD - container startup/shutdown.
[   14.968932] cloud-init[684]: |                 |
         Starting Authorization Manager...
[   14.993717] cloud-init[684]: |                 |
[   15.037345] cloud-init[684]: +----[SHA256]-----+
[   15.050666] cloud-init[684]: Generating public/private dsa key pair.
[   15.128073] cloud-init[684]: Your identification has been saved in /etc/ssh/ssh_host_dsa_key.
[   15.135206] cloud-init[684]: Your public key has been saved in /etc/ssh/ssh_host_dsa_key.pub.
[   15.139321] cloud-init[684]: The key fingerprint is:
         Starting OpenBSD Secure Shell server...
[[0;32m  OK  [0m] Reached target Remote File Systems (Pre).
[[0;32m  OK  [0m[   15.190801] ] cloud-initReached target Remote File Systems.[684]: 
SHA256:XjH6u5yfvtPBLrXcBCAfFfnXvVUe43IQwiPeeD5+pc4 root@ubuntu-bionic
         [   15.240313] Starting Permit User Sessions...cloud-init
[684]: The key's randomart image is:
         [   15.284521] Starting LSB: automatic crash report generation...cloud-init
[684]: +---[DSA 1024]----+
         [   15.290043] Starting Availability of block devices...cloud-init
[684]: |          .. o+o |
[   15.305217] cloud-init[684]: |         ..o+..o.|
[   15.305338] cloud-init[684]: |        . *o.ooo*|
         Starting Wait until snapd is fully seeded...
[   15.305501] cloud-init[684]: |         + =...oB|
[[0;32m  OK  [0m[   15.328179] ] cloud-initStarted LSB: Record successful boot for GRUB.[684]: 
|        S +  .o.+|
[[0;32m  OK  [0m[   15.349543] cloud-init[684]: |       . o o  +o.|
[   15.349809] cloud-init[684]: |        . o .=o= |
[   15.350041] cloud-init[684]: |         . +++= .|
[   15.350168] cloud-init[684]: |          =+BE   |
[   15.350297] cloud-init[684]: +----[SHA256]-----+
] Started Virtualbox guest utils.
[   15.350417] cloud-init[684]: Generating public/private ecdsa key pair.
[[   15.443760] cloud-init[684]: Your identification has been saved in /etc/ssh/ssh_host_ecdsa_key.
[0;32m  OK  [0m] Started Permit User Sessions.
[   15.444002] cloud-init[684]: Your public key has been saved in /etc/ssh/ssh_host_ecdsa_key.pub.
[[0;32m  OK  [0m[   15.525322] cloud-init[684]: The key fingerprint is:
[   15.525560] cloud-init[684]: SHA256:LyFWdVLgalRbF3uJSgNu5S2FOT9gHIWxAd7wGdzdYl0 root@ubuntu-bionic
[   15.525682] cloud-init[684]: The key's randomart image is:
[   15.525803] cloud-init[684]: +---[ECDSA 256]---+
[   15.525934] cloud-init[684]: |         +OO%o+oE|
[   15.526057] cloud-init[684]: |        o+B#Bo+o+|
[   15.526179] cloud-init[684]: |        o++X++.o.|
[   15.526306] cloud-init[684]: |       o... +o . |
[   15.526431] cloud-init[684]: |      o S  .  .  |
[   15.526553] cloud-init[684]: |     . o o       |
[   15.526677] cloud-init[684]: |        . .      |
[   15.526939] cloud-init[684]: |         .       |
[   15.527068] cloud-init[684]: |                 |
[   15.527187] cloud-init[684]: +----[SHA256]-----+
[   15.527311] cloud-init[684]: Generating public/private ed25519 key pair.
[   15.527438] cloud-init[684]: Your identification has been saved in /etc/ssh/ssh_host_ed25519_key.
[   15.527565] cloud-init[684]: Your public key has been saved in /etc/ssh/ssh_host_ed25519_key.pub.
[   15.527689] cloud-init[684]: The key fingerprint is:
[   15.527808] cloud-init[684]: SHA256:Sr8YMytAjPgRwZfYA8UEb66zvoumwko6JMYEdyDV4q4 root@ubuntu-bionic
[   15.527935] cloud-init[684]: The key's randomart image is:
[   15.528187] cloud-init[684]: +--[ED25519 256]--+
[   15.528320] cloud-init[684]: |.o*%o.           |
[   15.528440] cloud-init[684]: |..*.O            |
] Started OpenBSD Secure Shell server.
[   15.529011] cloud-init[684]: |o= =o.           |
[[0;32m  OK  [0m[   15.549029] cloud-init[684]: |o.=o             |
[   15.549285] cloud-init[684]: |o+ .. . S        |
[   15.549524] cloud-init[684]: |.++. . o         |
[   15.549759] cloud-init[684]: |=oo.  = .        |
[   15.550011] cloud-init[684]: |E+ o.  * .       |
[   15.550258] cloud-init[684]: |Xo=o .o .        |
[   15.550521] cloud-init[684]: +----[SHA256]-----+
] Started Availability of block devices.
[[0;32m  OK  [0m[   15.555549] cloud-init[957]: Cloud-init v. 18.2 running 'modules:config' at Tue, 17 Jul 2018 09:54:27 +0000. Up 14.67 seconds.
] Started Authorization Manager.
[[0;32m  OK  [0m] Started Accounts Service.
         Starting Hold until boot process finishes up...
         Starting Terminate Plymouth Boot Screen...
[[0;32m  OK  [0m] Started Hold until boot process finishes up.
[[0;32m  OK  [0m] Started Serial Getty on ttyS0.
         Starting Set console scheme...
[[0;32m  OK  [0m] Started LSB: automatic crash report generation.
[[0;32m  OK  [0m] Started Terminate Plymouth Boot Screen.
[[0;32m  OK  [0m] Started Set console scheme.
[[0;32m  OK  [0m] Created slice system-getty.slice.
[[0;32m  OK  [0m] Started Getty on tty1.
[[0;32m  OK  [0m] Reached target Login Prompts.
[[0;32m  OK  [0m] Started Apply the settings specified in cloud-config.
[[0;32m  OK  [0m] Started Wait until snapd is fully seeded.
[[0;32m  OK  [0m] Reached target Multi-User System.
         Starting Execute cloud user/final scripts...
[[0;32m  OK  [0m] Reached target Graphical Interface.
         Starting Update UTMP about System Runlevel Changes...
[[0;32m  OK  [0m] Started Update UTMP about System Runlevel Changes.
ci-info: no authorized ssh keys fingerprints found for user ubuntu.
<14>Jul 17 09:54:28 ec2: 
<14>Jul 17 09:54:28 ec2: #############################################################
<14>Jul 17 09:54:28 ec2: -----BEGIN SSH HOST KEY FINGERPRINTS-----
<14>Jul 17 09:54:28 ec2: 1024 SHA256:XjH6u5yfvtPBLrXcBCAfFfnXvVUe43IQwiPeeD5+pc4 root@ubuntu-bionic (DSA)
<14>Jul 17 09:54:28 ec2: 256 SHA256:LyFWdVLgalRbF3uJSgNu5S2FOT9gHIWxAd7wGdzdYl0 root@ubuntu-bionic (ECDSA)
<14>Jul 17 09:54:28 ec2: 256 SHA256:Sr8YMytAjPgRwZfYA8UEb66zvoumwko6JMYEdyDV4q4 root@ubuntu-bionic (ED25519)
<14>Jul 17 09:54:28 ec2: 2048 SHA256:1U+NJZIfzV3JR7399MAN4Md13AVHOIDLAX5XZ3tfDZc root@ubuntu-bionic (RSA)
<14>Jul 17 09:54:28 ec2: -----END SSH HOST KEY FINGERPRINTS-----
<14>Jul 17 09:54:28 ec2: #############################################################
-----BEGIN SSH HOST KEY KEYS-----
ecdsa-sha2-nistp256 AAAAE2VjZHNhLXNoYTItbmlzdHAyNTYAAAAIbmlzdHAyNTYAAABBBPQf1fmZYPBFjAprgfqviT+Y9pbzgjJmgxiIrL9reta/qwazQhrv7da5r0fhg+MX5vQZQJjcvn8BWtUvjtmtb9o= root@ubuntu-bionic
ssh-ed25519 AAAAC3NzaC1lZDI1NTE5AAAAIPakSrZHqNyj+/FRb3vVjOvPq5sLpgds8TIq5DTV9hvP root@ubuntu-bionic
ssh-rsa AAAAB3NzaC1yc2EAAAADAQABAAABAQCjwSTMUgW2liYZLmmlnAR7qDjU0bDn0fgFV+Y9iX/C2eaXhe22lb3l6nF50BpOrRmHGxvE7pv18PaiuCvvKuqo7k934VgB1XqNgmU1TBvoJRa+w2As45u/fI0Ubm/fj1/2O28OtxVlFkb6ww3s7NqOrDytbfV2Tdyb+lTwP8cRVlYsQiByGH0oshcC9+vy21ReYMxrHQ9tEcQlSWpG8WYAXRk2t0/LmAKWuLIGsQdX4WcTXAweYnSEgQxG5kNhvWsfpm/3GKJH5RxQrgkqa/cCKvpA0gJZl5r7vxKHXeMdutOCt6qCTkbv6Lr6A7zv3h/q+OXQbxb7BPhFMs0kT8YX root@ubuntu-bionic
-----END SSH HOST KEY KEYS-----
[   16.560886] cloud-init[1310]: Cloud-init v. 18.2 running 'modules:final' at Tue, 17 Jul 2018 09:54:28 +0000. Up 16.32 seconds.
[   16.572804] cloud-init[1310]: ci-info: no authorized ssh keys fingerprints found for user ubuntu.
[   16.577020] cloud-init[1310]: Cloud-init v. 18.2 finished at Tue, 17 Jul 2018 09:54:28 +0000. Datasource DataSourceNoCloud [seed=/dev/sdb][dsmode=net].  Up 16.55 seconds
[[0;32m  OK  [0m] Started Execute cloud user/final scripts.
[[0;32m  OK  [0m] Reached target Cloud-init target.

Ubuntu 18.04 LTS ubuntu-bionic ttyS0

ubuntu-bionic login: 